{
  "version": "1.5.0",
  "plugins_used": [
    {
      "name": "ArtifactoryDetector"
    },
    {
      "name": "AWSKeyDetector"
    },
    {
      "name": "AzureStorageKeyDetector"
    },
    {
      "name": "Base64HighEntropyString",
      "limit": 4.5
    },
    {
      "name": "BasicAuthDetector"
    },
    {
      "name": "CloudantDetector"
    },
    {
      "name": "DiscordBotTokenDetector"
    },
    {
      "name": "GitHubTokenDetector"
    },
    {
      "name": "GitLabTokenDetector"
    },
    {
      "name": "HexHighEntropyString",
      "limit": 3.0
    },
    {
      "name": "IbmCloudIamDetector"
    },
    {
      "name": "IbmCosHmacDetector"
    },
    {
      "name": "IPPublicDetector"
    },
    {
      "name": "JwtTokenDetector"
    },
    {
      "name": "KeywordDetector",
      "keyword_exclude": ""
    },
    {
      "name": "MailchimpDetector"
    },
    {
      "name": "NpmDetector"
    },
    {
      "name": "OpenAIDetector"
    },
    {
      "name": "PrivateKeyDetector"
    },
    {
      "name": "PypiTokenDetector"
    },
    {
      "name": "SendGridDetector"
    },
    {
      "name": "SlackDetector"
    },
    {
      "name": "SoftlayerDetector"
    },
    {
      "name": "SquareOAuthDetector"
    },
    {
      "name": "StripeDetector"
    },
    {
      "name": "TelegramBotTokenDetector"
    },
    {
      "name": "TwilioKeyDetector"
    }
  ],
  "filters_used": [
    {
      "path": "detect_secrets.filters.allowlist.is_line_allowlisted"
    },
    {
      "path": "detect_secrets.filters.common.is_baseline_file",
      "filename": ".secrets.baseline"
    },
    {
      "path": "detect_secrets.filters.common.is_ignored_due_to_verification_policies",
      "min_level": 2
    },
    {
      "path": "detect_secrets.filters.heuristic.is_indirect_reference"
    },
    {
      "path": "detect_secrets.filters.heuristic.is_likely_id_string"
    },
    {
      "path": "detect_secrets.filters.heuristic.is_lock_file"
    },
    {
      "path": "detect_secrets.filters.heuristic.is_not_alphanumeric_string"
    },
    {
      "path": "detect_secrets.filters.heuristic.is_potential_uuid"
    },
    {
      "path": "detect_secrets.filters.heuristic.is_prefixed_with_dollar_sign"
    },
    {
      "path": "detect_secrets.filters.heuristic.is_sequential_string"
    },
    {
      "path": "detect_secrets.filters.heuristic.is_swagger_file"
    },
    {
      "path": "detect_secrets.filters.heuristic.is_templated_secret"
    }
  ],
  "results": {
    ".github/skills/wbg-oss-review/references/templates.md": [
      {
        "type": "Basic Auth Credentials",
        "filename": ".github/skills/wbg-oss-review/references/templates.md",
        "hashed_secret": "5baa61e4c9b93f3f0682250b6cf8331b7ee68fd8",
        "is_verified": false,
        "line_number": 234,
        "is_secret": false
      }
    ],
    ".github/workflows/compliance.yml": [
      {
        "type": "Secret Keyword",
        "filename": ".github/workflows/compliance.yml",
        "hashed_secret": "3e26d6750975d678acb8fa35a0f69237881576b0",
        "is_verified": false,
        "line_number": 39,
        "is_secret": false
      }
    ],
    "api/devportal/index.html": [
      {
        "type": "Base64 High Entropy String",
        "filename": "api/devportal/index.html",
        "hashed_secret": "117290798e3b3dd699dfe59b9c8b80d1b0b2f552",
        "is_verified": false,
        "line_number": 24,
        "is_secret": false
      },
      {
        "type": "Base64 High Entropy String",
        "filename": "api/devportal/index.html",
        "hashed_secret": "b9bc783e12f2e6b0180dc8fca82bb830ab0790f5",
        "is_verified": false,
        "line_number": 113,
        "is_secret": false
      }
    ],
    "app/src/lib/journey-emails.json": [
      {
        "type": "Artifactory Credentials",
        "filename": "app/src/lib/journey-emails.json",
        "hashed_secret": "9d00634a775d9988c67e5335e24a34bea607cad0",
        "is_verified": false,
        "line_number": 547,
        "is_secret": false
      }
    ],
    "data/synthetic-corpus-golden/SBS-001234/SBS-001234.manifest.json": [
      {
        "type": "Hex High Entropy String",
        "filename": "data/synthetic-corpus-golden/SBS-001234/SBS-001234.manifest.json",
        "hashed_secret": "acd961c8c64f0a3e862b0c6f7e7810ec352c8b1e",
        "is_verified": false,
        "line_number": 2,
        "is_secret": false
      }
    ],
    "data/synthetic-corpus-golden/SBS-005678/SBS-005678.manifest.json": [
      {
        "type": "Hex High Entropy String",
        "filename": "data/synthetic-corpus-golden/SBS-005678/SBS-005678.manifest.json",
        "hashed_secret": "275cff566af87ca90a4feba5f64796397190e989",
        "is_verified": false,
        "line_number": 2,
        "is_secret": false
      }
    ],
    "data/synthetic-corpus-golden/SBS-009012/SBS-009012.manifest.json": [
      {
        "type": "Hex High Entropy String",
        "filename": "data/synthetic-corpus-golden/SBS-009012/SBS-009012.manifest.json",
        "hashed_secret": "53ff0cda04015d265c8eb95b91cd1c3a3748a444",
        "is_verified": false,
        "line_number": 2,
        "is_secret": false
      }
    ],
    "docs/reviews/2026-05-21-prompt-09-developer-portal-and-standards-pack-v0-1.md": [
      {
        "type": "Basic Auth Credentials",
        "filename": "docs/reviews/2026-05-21-prompt-09-developer-portal-and-standards-pack-v0-1.md",
        "hashed_secret": "bb0a18c8a1d0e4cfa804300a6e5f706ef32fdf30",
        "is_verified": false,
        "line_number": 31,
        "is_secret": false
      }
    ],
    "scripts/run_agent_pipeline_on_new.py": [
      {
        "type": "Basic Auth Credentials",
        "filename": "scripts/run_agent_pipeline_on_new.py",
        "hashed_secret": "bb0a18c8a1d0e4cfa804300a6e5f706ef32fdf30",
        "is_verified": false,
        "line_number": 20,
        "is_secret": false
      }
    ],
    "vendor/stoplight-elements/web-components.min.js": [
      {
        "type": "Base64 High Entropy String",
        "filename": "vendor/stoplight-elements/web-components.min.js",
        "hashed_secret": "fd8201493aad9512bb25129219813806e68b2c51",
        "is_verified": false,
        "line_number": 2,
        "is_secret": false
      }
    ]
  },
  "generated_at": "2026-08-11T14:45:18Z"
}
